Archive member included because of file (symbol)

e:/altera/10.1/nios2eds/bin/gnu/h-i686-mingw32/bin/../lib/gcc/nios2-elf/4.1.2/../../../../nios2-elf/lib\libstdc++.a(eh_personality.o)
                              obj/vip_helper.o (__gxx_personality_v0)
e:/altera/10.1/nios2eds/bin/gnu/h-i686-mingw32/bin/../lib/gcc/nios2-elf/4.1.2/../../../../nios2-elf/lib\libstdc++.a(eh_globals.o)
                              e:/altera/10.1/nios2eds/bin/gnu/h-i686-mingw32/bin/../lib/gcc/nios2-elf/4.1.2/../../../../nios2-elf/lib\libstdc++.a(eh_personality.o) (__cxa_get_globals_fast)
e:/altera/10.1/nios2eds/bin/gnu/h-i686-mingw32/bin/../lib/gcc/nios2-elf/4.1.2/../../../../nios2-elf/lib\libstdc++.a(eh_throw.o)
                              e:/altera/10.1/nios2eds/bin/gnu/h-i686-mingw32/bin/../lib/gcc/nios2-elf/4.1.2/../../../../nios2-elf/lib\libstdc++.a(eh_personality.o) (__cxa_rethrow)
e:/altera/10.1/nios2eds/bin/gnu/h-i686-mingw32/bin/../lib/gcc/nios2-elf/4.1.2/../../../../nios2-elf/lib\libstdc++.a(eh_call.o)
                              e:/altera/10.1/nios2eds/bin/gnu/h-i686-mingw32/bin/../lib/gcc/nios2-elf/4.1.2/../../../../nios2-elf/lib\libstdc++.a(eh_personality.o) (__cxa_call_terminate)
e:/altera/10.1/nios2eds/bin/gnu/h-i686-mingw32/bin/../lib/gcc/nios2-elf/4.1.2/../../../../nios2-elf/lib\libstdc++.a(eh_catch.o)
                              e:/altera/10.1/nios2eds/bin/gnu/h-i686-mingw32/bin/../lib/gcc/nios2-elf/4.1.2/../../../../nios2-elf/lib\libstdc++.a(eh_personality.o) (__cxa_end_catch)
e:/altera/10.1/nios2eds/bin/gnu/h-i686-mingw32/bin/../lib/gcc/nios2-elf/4.1.2/../../../../nios2-elf/lib\libstdc++.a(eh_exception.o)
                              e:/altera/10.1/nios2eds/bin/gnu/h-i686-mingw32/bin/../lib/gcc/nios2-elf/4.1.2/../../../../nios2-elf/lib\libstdc++.a(eh_personality.o) (vtable for std::bad_exception)
e:/altera/10.1/nios2eds/bin/gnu/h-i686-mingw32/bin/../lib/gcc/nios2-elf/4.1.2/../../../../nios2-elf/lib\libstdc++.a(eh_terminate.o)
                              e:/altera/10.1/nios2eds/bin/gnu/h-i686-mingw32/bin/../lib/gcc/nios2-elf/4.1.2/../../../../nios2-elf/lib\libstdc++.a(eh_personality.o) (__cxxabiv1::__terminate(void (*)()))
e:/altera/10.1/nios2eds/bin/gnu/h-i686-mingw32/bin/../lib/gcc/nios2-elf/4.1.2/../../../../nios2-elf/lib\libstdc++.a(si_class_type_info.o)
                              e:/altera/10.1/nios2eds/bin/gnu/h-i686-mingw32/bin/../lib/gcc/nios2-elf/4.1.2/../../../../nios2-elf/lib\libstdc++.a(eh_exception.o) (vtable for __cxxabiv1::__si_class_type_info)
e:/altera/10.1/nios2eds/bin/gnu/h-i686-mingw32/bin/../lib/gcc/nios2-elf/4.1.2/../../../../nios2-elf/lib\libstdc++.a(eh_alloc.o)
                              e:/altera/10.1/nios2eds/bin/gnu/h-i686-mingw32/bin/../lib/gcc/nios2-elf/4.1.2/../../../../nios2-elf/lib\libstdc++.a(eh_throw.o) (__cxa_free_exception)
e:/altera/10.1/nios2eds/bin/gnu/h-i686-mingw32/bin/../lib/gcc/nios2-elf/4.1.2/../../../../nios2-elf/lib\libstdc++.a(eh_term_handler.o)
                              e:/altera/10.1/nios2eds/bin/gnu/h-i686-mingw32/bin/../lib/gcc/nios2-elf/4.1.2/../../../../nios2-elf/lib\libstdc++.a(eh_throw.o) (__cxxabiv1::__terminate_handler)
e:/altera/10.1/nios2eds/bin/gnu/h-i686-mingw32/bin/../lib/gcc/nios2-elf/4.1.2/../../../../nios2-elf/lib\libstdc++.a(tinfo.o)
                              e:/altera/10.1/nios2eds/bin/gnu/h-i686-mingw32/bin/../lib/gcc/nios2-elf/4.1.2/../../../../nios2-elf/lib\libstdc++.a(si_class_type_info.o) (std::type_info::__is_pointer_p() const)
e:/altera/10.1/nios2eds/bin/gnu/h-i686-mingw32/bin/../lib/gcc/nios2-elf/4.1.2/../../../../nios2-elf/lib\libstdc++.a(del_op.o)
                              e:/altera/10.1/nios2eds/bin/gnu/h-i686-mingw32/bin/../lib/gcc/nios2-elf/4.1.2/../../../../nios2-elf/lib\libstdc++.a(eh_exception.o) (operator delete(void*))
e:/altera/10.1/nios2eds/bin/gnu/h-i686-mingw32/bin/../lib/gcc/nios2-elf/4.1.2/../../../../nios2-elf/lib\libstdc++.a(class_type_info.o)
                              e:/altera/10.1/nios2eds/bin/gnu/h-i686-mingw32/bin/../lib/gcc/nios2-elf/4.1.2/../../../../nios2-elf/lib\libstdc++.a(si_class_type_info.o) (__cxxabiv1::__class_type_info::__do_upcast(__cxxabiv1::__class_type_info const*, void**) const)
e:/altera/10.1/nios2eds/bin/gnu/h-i686-mingw32/bin/../lib/gcc/nios2-elf/4.1.2/../../../../nios2-elf/lib\libstdc++.a(eh_unex_handler.o)
                              e:/altera/10.1/nios2eds/bin/gnu/h-i686-mingw32/bin/../lib/gcc/nios2-elf/4.1.2/../../../../nios2-elf/lib\libstdc++.a(eh_throw.o) (__cxxabiv1::__unexpected_handler)
e:/altera/10.1/nios2eds/bin/gnu/h-i686-mingw32/bin/../lib/gcc/nios2-elf/4.1.2\libgcc.a(_muldi3.o)
                              obj/ts_helper.o (__muldi3)
e:/altera/10.1/nios2eds/bin/gnu/h-i686-mingw32/bin/../lib/gcc/nios2-elf/4.1.2\libgcc.a(_fixunsdfsi.o)
                              obj/ddc_helper.o (__fixunsdfsi)
e:/altera/10.1/nios2eds/bin/gnu/h-i686-mingw32/bin/../lib/gcc/nios2-elf/4.1.2\libgcc.a(_floatdidf.o)
[...]
Memory Configuration

Name             Origin             Length             Attributes
reset            0x20000000         0x00000020
bootloader       0x20000020         0x000017e0
altmemddr_0_BEFORE_EXCEPTION 0x40000000         0x00000100
altmemddr_0      0x40000100         0x03ffff00
*default*        0x00000000         0xffffffff

Linker script and memory map

LOAD ../mf2_ddr_ucos_bsp//obj/HAL/src/crt0.o
LOAD obj/alt-irq-handler.o
LOAD obj/dbg_helper.o
LOAD obj/ddc_helper.o
LOAD obj/dynedid.o
LOAD obj/ee_helper.o
LOAD obj/fifo_helper.o
LOAD obj/i2c_master.o
LOAD obj/main.o
LOAD obj/os-support.o
LOAD obj/os_bsem.o
LOAD obj/os_cpu_c.o
LOAD obj/os_sem.o
LOAD obj/ow.o
LOAD obj/pll_helper.o
LOAD obj/sys-base.o
LOAD obj/touchcon.o
LOAD obj/ts_helper.o
LOAD obj/tvp7002_helper.o
LOAD obj/uhe.o
LOAD obj/usb/bsd-bus-dma.o
LOAD obj/usb/bsd-wrap.o
LOAD obj/usb/bus_if.o
LOAD obj/usb/device_if.o
LOAD obj/usb/ehci.o
LOAD obj/usb/ehci_oxu210.o
LOAD obj/usb/init_main.o
LOAD obj/usb/kern_linker.o
LOAD obj/usb/kern_module.o
LOAD obj/usb/kern_sysctl.o
LOAD obj/usb/oxu210-alloc.o
LOAD obj/usb/oxu210-intr.o
LOAD obj/usb/pdev.o
LOAD obj/usb/s5a-autoconf.o
LOAD obj/usb/subr_bus.o
LOAD obj/usb/subr_kobj.o
LOAD obj/usb/subr_uio.o
LOAD obj/usb/tc-mtouch.o
LOAD obj/usb/tc-zytronic.o
LOAD obj/usb/tc.o
LOAD obj/usb/ums.o
LOAD obj/usb/usb_busdma.o
LOAD obj/usb/usb_controller.o
LOAD obj/usb/usb_debug.o
LOAD obj/usb/usb_device.o
LOAD obj/usb/usb_dynamic.o
LOAD obj/usb/usb_error.o
LOAD obj/usb/usb_handle_request.o
LOAD obj/usb/usb_hid.o
LOAD obj/usb/usb_hub.o
LOAD obj/usb/usb_if.o
LOAD obj/usb/usb_parse.o
LOAD obj/usb/usb_process.o
LOAD obj/usb/usb_request.o
LOAD obj/usb/usb_s5a.o
LOAD obj/usb/usb_transfer.o
LOAD obj/usb/usb_util.o
LOAD obj/usb/usbdev_oxu210.o
LOAD obj/usb_helper.o
LOAD obj/video_helper.o
LOAD obj/vip_helper.o
LOAD e:/altera/10.1/nios2eds/bin/gnu/h-i686-mingw32/bin/../lib/gcc/nios2-elf/4.1.2/../../../../nios2-elf/lib\libstdc++.a
LOAD e:/altera/10.1/nios2eds/bin/gnu/h-i686-mingw32/bin/../lib/gcc/nios2-elf/4.1.2/../../../../nios2-elf/lib\libm.a
LOAD e:/altera/10.1/nios2eds/bin/gnu/h-i686-mingw32/bin/../lib/gcc/nios2-elf/4.1.2\libgcc.a
START GROUP
LOAD e:/altera/10.1/nios2eds/bin/gnu/h-i686-mingw32/bin/../lib/gcc/nios2-elf/4.1.2/../../../../nios2-elf/lib\libc.a
LOAD e:/altera/10.1/nios2eds/bin/gnu/h-i686-mingw32/bin/../lib/gcc/nios2-elf/4.1.2\libgcc.a
LOAD ../mf2_ddr_ucos_bsp/\libucosii_bsp.a
END GROUP
LOAD e:/altera/10.1/nios2eds/bin/gnu/h-i686-mingw32/bin/../lib/gcc/nios2-elf/4.1.2\libgcc.a
                0x20000000                __alt_mem_bootloader = 0x20000000
                0x40000000                __alt_mem_altmemddr_0 = 0x40000000

.entry          0x20000000       0x20
 *(.entry)
 .entry         0x20000000       0x20 ../mf2_ddr_ucos_bsp//obj/HAL/src/crt0.o
                0x20000000                __reset

.exceptions     0x40000100      0x210
                0x40000100                PROVIDE (__ram_exceptions_start, ABSOLUTE (.))
                0x40000100                . = ALIGN (0x20)
 *(.irq)
 *(.exceptions.entry.label)
 .exceptions.entry.label
                0x40000100        0x0 ../mf2_ddr_ucos_bsp/\libucosii_bsp.a(alt_irq_entry.o)
                0x40000100                alt_irq_entry
 .exceptions.entry.label
                0x40000100        0x0 ../mf2_ddr_ucos_bsp/\libucosii_bsp.a(alt_exception_entry.o)
                0x40000100                alt_exception
 *(.exceptions.entry.user)
 *(.exceptions.entry)
 .exceptions.entry
                0x40000100       0x58 ../mf2_ddr_ucos_bsp/\libucosii_bsp.a(alt_exception_entry.o)
 *(.exceptions.irqtest.user)
 *(.exceptions.irqtest)
 .exceptions.irqtest
                0x40000158       0x10 ../mf2_ddr_ucos_bsp/\libucosii_bsp.a(alt_irq_entry.o)
 *(.exceptions.irqhandler.user)
 *(.exceptions.irqhandler)
 .exceptions.irqhandler
                0x40000168        0x4 ../mf2_ddr_ucos_bsp/\libucosii_bsp.a(alt_irq_entry.o)
 *(.exceptions.irqreturn.user)
 *(.exceptions.irqreturn)
 .exceptions.irqreturn
                0x4000016c        0x4 ../mf2_ddr_ucos_bsp/\libucosii_bsp.a(alt_irq_entry.o)
 *(.exceptions.notirq.label)
 .exceptions.notirq.label
                0x40000170        0x0 ../mf2_ddr_ucos_bsp/\libucosii_bsp.a(alt_irq_entry.o)
 *(.exceptions.notirq.user)
 *(.exceptions.notirq)
 .exceptions.notirq
                0x40000170        0x8 ../mf2_ddr_ucos_bsp/\libucosii_bsp.a(alt_exception_entry.o)
 *(.exceptions.soft.user)
 *(.exceptions.soft)
 *(.exceptions.unknown.user)
 *(.exceptions.unknown)
 .exceptions.unknown
                0x40000178       0x14 ../mf2_ddr_ucos_bsp/\libucosii_bsp.a(alt_exception_entry.o)
 *(.exceptions.exit.label)
 .exceptions.exit.label
                0x4000018c        0x0 ../mf2_ddr_ucos_bsp/\libucosii_bsp.a(alt_irq_entry.o)
 .exceptions.exit.label
                0x4000018c        0x0 ../mf2_ddr_ucos_bsp/\libucosii_bsp.a(alt_exception_entry.o)
 *(.exceptions.exit.user)
 *(.exceptions.exit)
 .exceptions.exit
                0x4000018c       0x58 ../mf2_ddr_ucos_bsp/\libucosii_bsp.a(alt_exception_entry.o)
 *(.exceptions)
 .exceptions    0x400001e4       0xf8 obj/alt-irq-handler.o
                0x400001e4                alt_irq_handler
 .exceptions    0x400002dc       0x34 ../mf2_ddr_ucos_bsp/\libucosii_bsp.a(alt_instruction_exception_entry.o)
                0x400002dc                alt_instruction_exception_entry
                0x40000310                PROVIDE (__ram_exceptions_end, ABSOLUTE (.))
                0x40000100                PROVIDE (__flash_exceptions_start, LOADADDR (.exceptions))

.text           0x40000310    0x594f4
                0x40000310                PROVIDE (stext, ABSOLUTE (.))
 *(.interp)
 *(.hash)
 *(.dynsym)
 *(.dynstr)
 *(.gnu.version)
 *(.gnu.version_d)
 *(.gnu.version_r)
 *(.rel.init)
 *(.rela.init)
 *(.rel.text .rel.text.* .rel.gnu.linkonce.t.*)
 *(.rela.text .rela.text.* .rela.gnu.linkonce.t.*)
 *(.rel.fini)
 *(.rela.fini)
 *(.rel.rodata .rel.rodata.* .rel.gnu.linkonce.r.*)
 *(.rela.rodata .rela.rodata.* .rela.gnu.linkonce.r.*)
 *(.rel.data .rel.data.* .rel.gnu.linkonce.d.*)
 *(.rela.data .rela.data.* .rela.gnu.linkonce.d.*)
 *(.rel.tdata .rel.tdata.* .rel.gnu.linkonce.td.*)
 *(.rela.tdata .rela.tdata.* .rela.gnu.linkonce.td.*)
 *(.rel.tbss .rel.tbss.* .rel.gnu.linkonce.tb.*)
 *(.rela.tbss .rela.tbss.* .rela.gnu.linkonce.tb.*)
 *(.rel.ctors)
 *(.rela.ctors)
 *(.rel.dtors)
 *(.rela.dtors)
 *(.rel.got)
 *(.rela.got)
 *(.rel.sdata .rel.sdata.* .rel.gnu.linkonce.s.*)
 *(.rela.sdata .rela.sdata.* .rela.gnu.linkonce.s.*)
 *(.rel.sbss .rel.sbss.* .rel.gnu.linkonce.sb.*)
 *(.rela.sbss .rela.sbss.* .rela.gnu.linkonce.sb.*)
 *(.rel.sdata2 .rel.sdata2.* .rel.gnu.linkonce.s2.*)
 *(.rela.sdata2 .rela.sdata2.* .rela.gnu.linkonce.s2.*)
 *(.rel.sbss2 .rel.sbss2.* .rel.gnu.linkonce.sb2.*)
 *(.rela.sbss2 .rela.sbss2.* .rela.gnu.linkonce.sb2.*)
 *(.rel.bss .rel.bss.* .rel.gnu.linkonce.b.*)
 *(.rela.bss .rela.bss.* .rela.gnu.linkonce.b.*)
 *(.rel.plt)
 *(.rela.plt)
 *(.rel.dyn)
 *(.init)
 *(.plt)
 *(.text .stub .text.* .gnu.linkonce.t.*)
 .text          0x40000310       0x44 ../mf2_ddr_ucos_bsp//obj/HAL/src/crt0.o
                0x40000310                _start
 .text          0x40000354        0x0 obj/alt-irq-handler.o
 .text          0x40000354      0x378 obj/dbg_helper.o
                0x40000354                itoah
                0x40000418                itoad
                0x400005b4                dbg_port_set_mode
                0x40000630                dbg_port_leds_on
                0x4000066c                dbg_port_leds_off
                0x400006a8                debug_shell
 .text          0x400006cc      0x99c obj/ddc_helper.o
                0x400006cc                ddc_use_device
                0x40000780                read_ddc_mem
                0x40000800                write_ddc_mem
                0x40000884                copy_monitor_edid
                0x40000908                decode_edid_data
                0x40000cc4                init_dvi_eep
                0x40000d20                DDC_sm
 .text          0x40001068      0x8f8 obj/dynedid.o
                0x40001068                GenDynEDID
 .text          0x40001960     0x18bc obj/ee_helper.o
                0x40001960                EE_ReadStatusRegister
                0x400019ec                EE_ReadMemoryArray
                0x40001aac                EE_WriteMemoryArray
                0x40001cc8                EE_InitMFG
                0x40001d08                EE_WriteMFG
                0x40001d48                EE_ReadMFG
                0x40001d88                EE_EraseEdid
                0x40001e00                EE_InitAndWriteEdid
                0x40001e90                EE_ReadEdid
                0x40001f68                EE_WriteLvdsEdid
                0x40001fa8                EE_ReadLvdsEdid
                0x40001fe8                EE_WriteSdvoEdid
                0x40002028                EE_ReadSdvoEdid
                0x40002068                EE_WriteVoEdid
                0x400020a8                EE_ReadVoEdid
                0x400020e8                EE_InitAndWriteData
                0x40002184                EE_ReadHdr
                0x40002224                EE_ReadSectionHdr
                0x400023f8                EE_ReadSection
                0x400024c0                EE_WriteSection
                0x40002580                EE_InitTS
                0x400025e4                EE_SanityCheckTS
                0x40002628                EE_WriteTS
                0x40002684                EE_ReadTS
                0x40002710                EE_InitVI
                0x40002774                EE_SanityCheckVI
                0x400027ec                EE_WriteVI
                0x40002890                EE_ReadVI
                0x4000299c                EE_InitVO
                0x40002a00                EE_SanityCheckVO
                0x40002a60                EE_WriteVO
                0x40002b04                EE_ReadVO
                0x40002c10                EE_sm
 .text          0x4000321c      0xb74 obj/fifo_helper.o
                0x4000321c                cmd_fifo_init
                0x40003280                cmd_fifo_write
                0x40003324                cmd_fifo_not_busy
                0x40003364                cmd_fifo_cleanup
                0x400033b4                cmd_fifo_isr_init
                0x40003480                cmd_fifo_isr_deinit
                0x400034d0                gfx_fifo_init
                0x40003534                gfx_fifo_isr_init
                0x400035bc                gfx_fifo_isr_deinit
                0x4000360c                GFXWR8
                0x40003644                GFXWR16
                0x40003694                GFXWR32
                0x40003714                MISC_sm
 .text          0x40003d90      0x798 obj/i2c_master.o
                0x40003d90                i2c_read_bytes
                0x40004018                i2c_write_byte
                0x40004210                i2c_dump
 .text          0x40004528       0x78 obj/main.o
                0x40004560                main
 .text          0x400045a0      0xe4c obj/os-support.o
                0x400046b0                OSTaskDelHook
                0x40004798                os_thread_create
                0x400048a8                os_thread_del_self
                0x400048e8                os_thread_suspend
                0x40004930                os_thread_active_priority
                0x40004964                os_mutex_create
                0x400049b0                os_mutex_del
                0x40004a00                os_mutex_lock
                0x40004a50                os_mutex_unlock
                0x40004a98                os_mutex_own
                0x40004ad8                os_cond_var_create
                0x40004b28                os_cond_var_del
                0x40004b78                os_cond_var_wait
                0x40004bd4                os_cond_var_signal
                0x40004c38                os_cond_var_broadcast
                0x40004c9c                os_events_create
                0x40004cf8                os_events_del
                0x40004d48                os_events_receive
                0x40004de8                os_events_send
                0x40004e44                os_timer_create
                0x40005024                os_timer_reset
                0x400051f8                os_timer_stop
                0x40005308                os_start
 .text          0x400053ec      0xad8 obj/os_bsem.o
                0x400053ec                OSBinarySemAccept
                0x4000551c                OSBinarySemCreate
                0x40005630                OSBinarySemDel
                0x400058d8                OSBinarySemPend
                0x40005c14                OSBinarySemPost
                0x40005dec                OSBinarySemOwn
 .text          0x40005ec4      0x440 obj/os_cpu_c.o
                0x40005ec4                OSTaskStkInit
                0x400061dc                OSTaskCreateHook
                0x40006204                OSTaskSwHook
                0x40006228                OSTaskStatHook
                0x4000624c                OSTimeTickHook
                0x40006270                OSInitHookBegin
                0x40006294                OSInitHookEnd
                0x400062b8                OSTaskIdleHook
                0x400062dc                OSTCBInitHook
 .text          0x40006304     0x10c8 obj/os_sem.o
                0x40006304                OSSemAccept
                0x400063cc                OSSemCreate
                0x40006500                OSSemDel
                0x400067a8                OSSemPend
                0x40006a2c                OSSemPendAbort
                0x40006d24                OSSemSemPend
                0x40007058                OSSemPost
                0x40007188                OSSemQuery
                0x400072c0                OSSemSet
 .text          0x400073cc      0x320 obj/ow.o
                0x400073cc                bitreverse
                0x40007470                ow_crc
                0x40007550                ow_read_romid
 .text          0x400076ec      0x5f0 obj/pll_helper.o
                0x40007854                configure_pll
                0x40007c00                pll_rephase
                0x40007c7c                pll_rephase_n
 .text          0x40007cdc     0x2078 obj/sys-base.o
                0x40007cdc                s5a_watchdog_reset
                0x40007d04                led_enable
                0x40007f1c                timer_60Hz_isr_deinit
                0x40007f6c                set_vip_startup_values
                0x400082d8                write_vip_register_values
                0x40008364                system_base_task
                0x40009ce4                system_base_init
 .text          0x40009d54       0x48 obj/touchcon.o
                0x40009d54                tc_enable
                0x40009d78                tc_disable
 .text          0x40009d9c     0x29b4 obj/ts_helper.o
                0x40009d9c                touch_calc_matrix
                0x4000afa4                ts_set_baud
                0x4000b034                ts_set_lc
                0x4000b0ac                ts_init
                0x4000b220                uart_read
                0x4000b32c                uart_write
                0x4000b3dc                ts_sm
                0x4000b84c                ts_yield
                0x4000c010                handle_touch_event
 .text          0x4000c750      0x83c obj/tvp7002_helper.o
                0x4000c750                pdn_tvp
                0x4000c784                init_tvp
                0x4000c838                set_tvp7002_sample_phase
                0x4000c888                init_tvp7002_for_detection
                0x4000cc90                read_tvp7002_detection
                0x4000cd68                init_tvp7002_for_mode
                0x4000cf20                tvp7002_oe
 .text          0x4000cf8c       0xe4 obj/uhe.o
                0x4000d038                init_uhe
 .text          0x4000d070      0xc88 obj/usb/bsd-bus-dma.o
                0x4000d070                busdma_lock_mutex
                0x4000d124                bus_dma_tag_create
                0x4000d4c4                bus_dma_tag_destroy
                0x4000d5f4                bus_dmamap_create
                0x4000d684                bus_dmamap_destroy
                0x4000d6e0                bus_dmamem_alloc
                0x4000d820                bus_dmamem_free
                0x4000db44                bus_dmamap_load
                0x4000dc9c                _bus_dmamap_unload
                0x4000dcc8                _bus_dmamap_sync
 .text          0x4000dcf8     0x10a4 obj/usb/bsd-wrap.o
                0x4000dcf8                bsd_wrapper_init
                0x4000dd8c                bsd_drop_giant
                0x4000de08                bsd_pickup_giant
                0x4000de7c                malloc_init
                0x4000dee4                malloc_uninit
                0x4000df0c                malloc_desc2type
                0x4000df8c                bsd_wrap_ticks
                0x4000dfbc                pause
                0x4000e020                kproc_kthread_add
                0x4000e25c                kthread_exit
                0x4000e28c                kthread_suspend
                0x4000e2d0                mtx_init
                0x4000e364                mtx_destroy
                0x4000e3b4                mtx_lock
                0x4000e3f0                mtx_unlock
                0x4000e42c                mtx_assert
                0x4000e4d8                mtx_initialized
                0x4000e51c                mtx_owned
                0x4000e560                sx_init
                0x4000e5d8                sx_init_flags
                0x4000e61c                sx_destroy
                0x4000e66c                sx_slock
                0x4000e6a8                sx_sunlock
                0x4000e6e4                sx_xlock
                0x4000e720                sx_xunlock
                0x4000e75c                sx_xlocked
                0x4000e798                sx_unlock
                0x4000e7d4                sx_assert
                0x4000e800                cv_init
                0x4000e874                cv_destroy
                0x4000e8c4                cv_wait
                0x4000e948                cv_signal
                0x4000e984                cv_broadcast
                0x4000e9c0                _callout_init_lock
                0x4000ea04                _callout_stop_safe
                0x4000ea44                callout_reset_on
                0x4000eabc                panic
                0x4000eb00                copystr
                0x4000eb68                copyinstr
                0x4000ebd0                copyin
                0x4000ec24                copyout
                0x4000ec78                bsd_malloc
                0x4000ed24                bsd_free
 .text          0x4000ed9c      0x198 obj/usb/bus_if.o
 .text          0x4000ef34       0xb0 obj/usb/device_if.o
 .text          0x4000efe4     0x6f70 obj/usb/ehci.o
                0x4000efe4                EREAD1
                0x4000f07c                EREAD2
                0x4000f114                EREAD4
                0x4000f1a8                EWRITE1
                0x4000f244                EWRITE2
                0x4000f2e0                EWRITE4
                0x4000f37c                EOREAD1
                0x4000f3e0                EOREAD2
                0x4000f444                EOREAD4
                0x4000f4a8                EOWRITE1
                0x4000f50c                EOWRITE2
                0x4000f570                EOWRITE4
                0x4000f5d4                ehci_iterate_hw_softc
                0x4000f7a8                ehci_reset
                0x4000fa48                ehci_init
                0x40010350                ehci_detach
                0x40010410                ehci_suspend
                0x4001065c                ehci_resume
                0x40010948                ehci_shutdown
                0x40011758                ehci_interrupt
 .text          0x40015f54      0x3e4 obj/usb/ehci_oxu210.o
                0x40015f54                ehci_oxu_suspend
                0x40015fc4                ehci_oxu_resume
                0x40016014                ehci_oxu_shutdown
                0x40016084                ehci_oxu_probe
                0x400160b0                ehci_oxu_attach
                0x4001629c                ehci_oxu_detach
 .text          0x40016338      0x190 obj/usb/init_main.o
                0x40016338                mi_startup
 .text          0x400164c8      0x114 obj/usb/kern_linker.o
 .text          0x400165dc      0x4dc obj/usb/kern_module.o
                0x400166a4                module_register_init
                0x400167c0                module_register
                0x40016988                module_release
                0x40016a24                module_lookupbyname
 .text          0x40016ab8     0x27e8 obj/usb/kern_sysctl.o
                0x40016b4c                sysctl_lock
                0x40016b80                sysctl_unlock
                0x40016bb4                sysctl_register_oid
                0x40016d30                sysctl_unregister_oid
                0x40016e68                sysctl_ctx_init
                0x40016ec4                sysctl_ctx_free
                0x40017064                sysctl_ctx_entry_add
                0x40017154                sysctl_ctx_entry_find
                0x40017204                sysctl_ctx_entry_del
                0x40017300                sysctl_remove_oid
                0x40017568                sysctl_add_oid
                0x40017810                sysctl_rename_oid
                0x400178d4                sysctl_move_oid
                0x40018630                sysctl_handle_int
                0x40018718                sysctl_msec_to_ticks
                0x400188b4                sysctl_handle_long
                0x40018984                sysctl_handle_quad
                0x40018a5c                sysctl_handle_string
                0x40018bc0                sysctl_handle_opaque
                0x40018dd0                kernel_sysctl
                0x40018f50                sysctl_find_oid
 .text          0x400192a0      0x66c obj/usb/oxu210-alloc.o
                0x400192a0                oxu210_allocator_init
                0x400194d0                oxu210_aligned_alloc
                0x400196cc                oxu210_free
                0x40019774                oxu210_heap_alloc
                0x4001985c                oxu210_heap_free
 .text          0x4001990c      0x4f0 obj/usb/oxu210-intr.o
                0x40019ad8                oxu210_intr_attach
                0x40019cd4                oxu210_intr_detach
 .text          0x40019dfc     0x2770 obj/usb/pdev.o
                0x40019ff4                pdev_device_event_hook
                0x4001a14c                pdev_device_printf
                0x4001a1cc                pdev_ep_decode
                0x4001a244                pdev_ep_index
                0x4001a280                pdev_ep_deindex
                0x4001a2f0                pdev_ep_control_obtain
                0x4001a3b8                pdev_ep_control_release
                0x4001a550                pdev_device_ep_filter_hook
                0x4001a600                pdev_check_vendor_product
                0x4001be44                pdev_attach_up_device
                0x4001bf64                pdev_detach_up_device
                0x4001c360                pdev_attach_down_device
                0x4001c4f4                pdev_detach_down_device
 .text          0x4001c56c       0xa8 obj/usb/s5a-autoconf.o
 .text          0x4001c614     0x69dc obj/usb/subr_bus.o
                0x4001c6b0                devctl_queue_data_f
                0x4001c6f4                devctl_queue_data
                0x4001c730                devctl_notify_f
                0x4001c8ac                devctl_notify
                0x4001ce20                bus_set_pass
                0x4001d16c                devclass_create
                0x4001d1ac                devclass_find
                0x4001da14                devclass_get_name
                0x4001da44                devclass_get_device
                0x4001dac4                devclass_get_softc
                0x4001db2c                devclass_get_devices
                0x4001dc5c                devclass_get_drivers
                0x4001dd84                devclass_get_count
                0x4001de08                devclass_get_maxunit
                0x4001de58                devclass_find_free_unit
                0x4001dee8                devclass_set_parent
                0x4001df20                devclass_get_parent
                0x4001e818                device_add_child
                0x4001e864                device_add_child_ordered
                0x4001e9a4                device_delete_child
                0x4001eb18                device_find_child
                0x4001ed44                device_probe_child
                0x4001f130                device_get_parent
                0x4001f160                device_get_children
                0x4001f284                device_get_driver
                0x4001f2b4                device_get_devclass
                0x4001f2e4                device_get_name
                0x4001f34c                device_get_nameunit
                0x4001f37c                device_get_unit
                0x4001f3ac                device_get_desc
                0x4001f3dc                device_get_flags
                0x4001f40c                device_print_prettyname
                0x4001f48c                device_printf
                0x4001f5e0                device_set_desc
                0x4001f624                device_set_desc_copy
                0x4001f668                device_set_flags
                0x4001f6a0                device_get_softc
                0x4001f6d0                device_set_softc
                0x4001f788                device_get_ivars
                0x4001f7b8                device_set_ivars
                0x4001f7f0                device_get_state
                0x4001f820                device_enable
                0x4001f85c                device_disable
                0x4001f89c                device_busy
                0x4001f934                device_unbusy
                0x4001f9d8                device_quiet
                0x4001fa14                device_verbose
                0x4001fa54                device_is_quiet
                0x4001fa8c                device_is_enabled
                0x4001fac0                device_is_alive
                0x4001faf4                device_is_attached
                0x4001fb28                device_set_devclass
                0x4001fc04                device_set_driver
                0x4001fd80                device_probe
                0x4001fea8                device_probe_and_attach
                0x4001ff20                device_attach
                0x400200ec                device_detach
                0x40020384                device_quiesce
                0x400204ac                device_shutdown
                0x400205b8                device_set_unit
                0x400206a0                bus_generic_add_child
                0x400206f0                bus_generic_probe
                0x40020834                bus_generic_attach
                0x40020898                bus_generic_detach
                0x40020938                bus_generic_shutdown
                0x4002099c                bus_generic_suspend
                0x40020bc4                bus_generic_resume
                0x40020c28                bus_print_child_header
                0x40020ccc                bus_print_child_footer
                0x40020d18                bus_generic_print_child
                0x40020d8c                bus_generic_read_ivar
                0x40020dc4                bus_generic_write_ivar
                0x40020dfc                bus_generic_get_resource_list
                0x40020e2c                bus_generic_driver_added
                0x40020ec0                bus_generic_new_pass
                0x40020fa0                bus_generic_setup_intr
                0x40021124                bus_generic_teardown_intr
                0x40021268                bus_generic_bind_intr
                0x400213ac                bus_generic_config_intr
                0x400214f0                bus_generic_describe_intr
                0x40021644                bus_generic_get_dma_tag
                0x40021764                bus_generic_child_present
                0x40021868                bus_alloc_resources
                0x40021a70                bus_release_resources
                0x40021b70                bus_alloc_resource
                0x40021cf0                bus_activate_resource
                0x40021e44                bus_deactivate_resource
                0x40021f98                bus_release_resource
                0x400220ec                bus_setup_intr
                0x400221cc                bus_teardown_intr
                0x40022240                bus_bind_intr
                0x400222b4                bus_describe_intr
                0x40022350                bus_set_resource
                0x40022494                bus_get_resource
                0x400225d8                bus_get_resource_start
                0x40022660                bus_get_resource_count
                0x400226e8                bus_delete_resource
                0x40022808                bus_child_present
                0x4002284c                bus_child_pnpinfo_str
                0x40022994                bus_child_location_str
                0x40022adc                bus_get_dma_tag
                0x40022d98                root_bus_configure
                0x40022dd0                driver_module_handler
                0x40022f78                bus_data_generation_check
                0x40022fc0                bus_data_generation_update
 .text          0x40022ff0      0x8c0 obj/usb/subr_kobj.o
                0x40023050                kobj_error_method
                0x40023210                kobj_class_compile
                0x40023304                kobj_class_compile_static
                0x400234fc                kobj_lookup_method
                0x4002356c                kobj_class_free
                0x40023674                kobj_create
                0x400236f4                kobj_init
                0x400237cc                kobj_delete
 .text          0x400238b0      0xacc obj/usb/subr_uio.o
                0x400238b0                uiomove
                0x40023b7c                uiomove_frombuf
                0x40023cb4                ureadc
                0x40023e8c                uio_yield
                0x40023edc                copyinfrom
                0x40023f80                copyinstrfrom
                0x40024030                copyiniov
                0x40024104                copyinuio
                0x400242a8                cloneuio
 .text          0x4002437c      0x374 obj/usb/tc-mtouch.o
 .text          0x400246f0      0x400 obj/usb/tc-zytronic.o
 .text          0x40024af0      0x9e8 obj/usb/tc.o
 .text          0x400254d8     0x139c obj/usb/ums.o
 .text          0x40026874     0x17b0 obj/usb/usb_busdma.o
                0x40026874                usbd_get_page
                0x400269fc                usbd_copy_in
                0x40026aac                usbd_copy_out
                0x40026b5c                usbd_frame_zero
                0x40027078                usb_pc_alloc_mem
                0x400272cc                usb_pc_free_mem
                0x40027360                usb_pc_load_mem
                0x40027538                usb_pc_cpu_invalidate
                0x400275cc                usb_pc_cpu_flush
                0x40027638                usb_pc_dmamap_create
                0x400276fc                usb_pc_dmamap_destroy
                0x4002776c                usb_dma_tag_find
                0x40027874                usb_dma_tag_setup
                0x400279ac                usb_dma_tag_unsetup
                0x40027a58                usb_bdma_work_loop
                0x40027e54                usb_bdma_done_event
                0x40027ec0                usb_bdma_pre_sync
                0x40027f78                usb_bdma_post_sync
 .text          0x40028024      0xc74 obj/usb/usb_controller.o
                0x40028024                usb_probe
                0x40028090                usb_attach
                0x4002811c                usb_detach
                0x40028310                usb_bus_detach
                0x40028990                usb_bus_mem_flush_all
                0x40028a5c                usb_bus_mem_alloc_all
                0x40028c2c                usb_bus_mem_free_all
 .text          0x40028c98      0x3a8 obj/usb/usb_debug.o
                0x40028c98                usb_dump_iface
                0x40028d08                usb_dump_device
                0x40028dd0                usb_dump_queue
                0x40028e50                usb_dump_endpoint
                0x40028f1c                usb_dump_xfer
 .text          0x40029040     0x37a4 obj/usb/usb_device.o
                0x40029040                usb_statestr
                0x400290a8                usb_get_manufacturer
                0x40029100                usb_get_product
                0x40029158                usb_get_serial
                0x400291b0                usbd_get_ep_by_addr
                0x400292b0                usbd_get_endpoint
                0x400295c4                usbd_interface_count
                0x4002972c                usb_endpoint_foreach
                0x400298d8                usbd_set_config_index
                0x4002a0d4                usbd_set_alt_interface_index
                0x4002a1f8                usbd_set_endpoint_stall
                0x4002a3c4                usb_reset_iface_endpoints
                0x4002a678                usb_detach_device
                0x4002a9d4                usbd_set_parent_iface
                0x4002ab98                usb_probe_and_attach
                0x4002ae20                usb_suspend_resume
                0x4002afd8                usb_alloc_device
                0x4002b9a4                usb_free_device
                0x4002bc04                usbd_get_iface
                0x4002bc70                usbd_find_descriptor
                0x4002bdbc                usb_devinfo
                0x4002c1a0                usbd_get_mode
                0x4002c1d0                usbd_get_speed
                0x4002c200                usbd_get_isoc_fps
                0x4002c254                usbd_get_device_descriptor
                0x4002c2a0                usbd_get_config_descriptor
                0x4002c2ec                usb_test_quirk
                0x4002c320                usbd_get_interface_descriptor
                0x4002c36c                usbd_get_interface_altindex
                0x4002c3a0                usbd_get_bus_index
                0x4002c3e4                usbd_get_device_index
                0x4002c418                usb_peer_can_wakeup
                0x4002c488                usb_set_device_state
                0x4002c4f8                usb_get_device_state
                0x4002c544                usbd_device_attached
                0x4002c578                usbd_enum_lock
                0x4002c5cc                usbd_enum_unlock
                0x4002c620                usbd_sr_lock
                0x4002c668                usbd_sr_unlock
                0x4002c6b0                usbd_enum_is_locked
                0x4002c6f0                usbd_set_pnpinfo
 .text          0x4002c7e4      0x244 obj/usb/usb_dynamic.o
                0x4002c910                usb_quirk_unload
                0x4002c970                usb_temp_unload
                0x4002c9dc                usb_bus_unload
 .text          0x4002ca28       0x68 obj/usb/usb_error.o
                0x4002ca28                usbd_errstr
 .text          0x4002ca90     0x1090 obj/usb/usb_handle_request.o
                0x4002ca90                usb_handle_request_callback
 .text          0x4002db20     0x17f0 obj/usb/usb_hid.o
                0x4002dd8c                hid_start_parse
                0x4002de48                hid_end_parse
                0x4002df48                hid_get_item
                0x4002eae4                hid_report_size
                0x4002ec54                hid_locate
                0x4002ef48                hid_get_data
                0x4002ef94                hid_get_data_unsigned
                0x4002efe0                hid_is_collection
                0x4002f08c                hid_get_descriptor_from_usb
                0x4002f148                usbd_req_get_hid_desc
 .text          0x4002f310     0x39b8 obj/usb/usb_hub.o
                0x4002fce8                uhub_root_intr
                0x40030134                uhub_query_info
                0x400313b8                usb_hs_bandwidth_alloc
                0x4003160c                usb_hs_bandwidth_free
                0x40031780                usbd_fs_isoc_schedule_init_all
                0x400317e0                usb_isoc_time_expand
                0x400318a8                usbd_fs_isoc_schedule_isoc_time_expand
                0x400319dc                usbd_fs_isoc_schedule_alloc
                0x40031b20                usb_bus_port_get_device
                0x40031bb4                usb_bus_port_set_device
                0x40031c5c                usb_needs_explore
                0x40031d48                usb_needs_explore_all
                0x40031e04                usb_bus_power_update
                0x40031e40                usbd_transfer_power_ref
                0x40032200                usb_bus_powerd
                0x40032ba8                usbd_set_power_mode
                0x40032c24                usbd_filter_power_mode
 .text          0x40032cc8        0x0 obj/usb/usb_if.o
 .text          0x40032cc8      0x520 obj/usb/usb_parse.o
                0x40032cc8                usb_desc_foreach
                0x40032e00                usb_idesc_foreach
                0x40032f28                usb_edesc_foreach
                0x40032fd4                usb_ed_comp_foreach
                0x40033094                usbd_get_no_descriptors
                0x40033120                usbd_get_no_alts
 .text          0x400331e8      0x974 obj/usb/usb_process.o
                0x400333a8                usb_proc_create
                0x400334b8                usb_proc_free
                0x40033520                usb_proc_msignal
                0x4003377c                usb_proc_is_gone
                0x400337e4                usb_proc_mwait
                0x40033988                usb_proc_drain
                0x40033ad8                usb_proc_rewakeup
 .text          0x40033b5c     0x2b28 obj/usb/usb_request.o
                0x40033b5c                usbd_do_request_callback
                0x40033bc8                usb_do_clear_stall_callback
                0x40033ec0                usbd_do_request_flags
                0x400344f0                usbd_do_request_proc
                0x40034658                usbd_req_reset_port
                0x400347a4                usbd_req_warm_reset_port
                0x40034914                usbd_req_get_desc
                0x40034b54                usbd_req_get_string_any
                0x40034ed4                usbd_req_get_string_desc
                0x40034f60                usbd_req_get_descriptor_ptr
                0x40035070                usbd_req_get_config_desc
                0x4003512c                usbd_req_get_config_desc_full
                0x400352a8                usbd_req_get_device_desc
                0x4003531c                usbd_req_get_alt_interface_no
                0x400353f4                usbd_req_set_alt_interface_no
                0x400354cc                usbd_req_get_device_status
                0x40035550                usbd_req_get_hub_descriptor
                0x40035618                usbd_req_get_ss_hub_descriptor
                0x400356e4                usbd_req_get_hub_status
                0x40035768                usbd_req_set_address
                0x40035874                usbd_req_get_port_status
                0x40035900                usbd_req_clear_hub_feature
                0x40035990                usbd_req_set_hub_feature
                0x40035a20                usbd_req_set_hub_u1_timeout
                0x40035ab4                usbd_req_set_hub_u2_timeout
                0x40035b48                usbd_req_set_hub_depth
                0x40035bd8                usbd_req_clear_port_feature
                0x40035c70                usbd_req_set_port_feature
                0x40035d08                usbd_req_set_protocol
                0x40035de8                usbd_req_set_report
                0x40035ee8                usbd_req_get_report
                0x40035ff4                usbd_req_set_idle
                0x400360d8                usbd_req_get_report_descriptor
                0x400361c4                usbd_req_set_config
                0x40036248                usbd_req_get_config
                0x400362d0                usbd_setup_device_desc
                0x400363d0                usbd_req_re_enumerate
                0x4003656c                usbd_req_clear_device_feature
                0x400365f8                usbd_req_set_device_feature
 .text          0x40036684       0xe8 obj/usb/usb_s5a.o
                0x40036684                usb_start_bsd_stack
 .text          0x4003676c     0x4b98 obj/usb/usb_transfer.o
                0x40036818                usbd_get_dma_delay
                0x4003689c                usbd_transfer_setup_sub_malloc
                0x40036c60                usbd_transfer_setup_sub
                0x40037958                usbd_transfer_setup
                0x40038368                usbd_transfer_unsetup
                0x4003884c                usbd_transfer_submit
                0x40038cbc                usbd_pipe_enter
                0x40038d98                usbd_transfer_start
                0x40038e78                usbd_transfer_stop
                0x40039040                usbd_transfer_pending
                0x40039160                usbd_transfer_drain
                0x40039248                usbd_xfer_get_frame
                0x40039288                usbd_xfer_get_fps_shift
                0x400392bc                usbd_xfer_frame_len
                0x40039304                usbd_xfer_set_frame_data
                0x4003936c                usbd_xfer_frame_data
                0x40039400                usbd_xfer_status
                0x400394b4                usbd_xfer_set_frame_offset
                0x40039510                usbd_xfer_set_interval
                0x40039548                usbd_xfer_set_timeout
                0x40039580                usbd_xfer_set_frames
                0x400395b8                usbd_xfer_max_frames
                0x400395e8                usbd_xfer_max_len
                0x40039618                usbd_xfer_max_framelen
                0x4003964c                usbd_xfer_set_frame_len
                0x40039ab0                usb_dma_delay_done_cb
                0x40039b04                usbd_transfer_dequeue
                0x40039b98                usbd_transfer_enqueue
                0x40039c18                usbd_transfer_done
                0x40039e58                usbd_xfer_set_stall
                0x40039ee0                usbd_xfer_is_stalled
                0x40039f20                usbd_transfer_clear_stall
                0x40039fac                usbd_pipe_start
                0x4003a224                usbd_transfer_timeout_ms
                0x4003a6f0                usb_command_wrapper
                0x4003a874                usbd_ctrl_transfer_setup
                0x4003a9d4                usbd_clear_stall_locked
                0x4003aa80                usbd_clear_data_toggle
                0x4003aaf8                usbd_clear_stall_callback
                0x4003ac4c                usbd_transfer_poll
                0x4003b06c                usbd_xfer_softc
                0x4003b09c                usbd_xfer_get_priv
                0x4003b0cc                usbd_xfer_set_priv
                0x4003b104                usbd_xfer_state
                0x4003b138                usbd_xfer_set_flag
                0x4003b1fc                usbd_xfer_clr_flag
                0x4003b2d0                usbd_xfer_get_timestamp
 .text          0x4003b304      0x568 obj/usb/usb_util.o
                0x4003b304                device_delete_all_children
                0x4003b3c0                device_set_usb_desc
                0x4003b508                usb_pause_mtx
                0x4003b5cc                usb_printbcd
                0x4003b630                usb_trim_spaces
                0x4003b72c                usb_make_str_desc
 .text          0x4003b86c     0x2174 obj/usb/usbdev_oxu210.o
                0x4003bcdc                usbdev_reset
                0x4003be80                usbdev_reset_ptd
                0x4003c098                usbdev_ep_primed
                0x4003c438                usbdev_flush_and_clear_endpoint
                0x4003c510                usbdev_stall_ep
                0x4003c580                usbdev_unstall_ep
                0x4003c5f0                usbdev_set_ep_enable
                0x4003c804                usbdev_set_ep_disable
                0x4003c858                usbdev_set_ep_disable_all
                0x4003c8bc                usbdev_set_address
                0x4003c8fc                usbdev_queue_ptd
                0x4003cb5c                usbdev_queue_xfer
                0x4003d76c                usbdev_probe
                0x4003d798                usbdev_attach
                0x4003d988                usbdev_detach
 .text          0x4003d9e0      0x458 obj/usb_helper.o
                0x4003d9e0                init_usb
 .text          0x4003de38      0xc74 obj/video_helper.o
                0x4003de38                tfp410_init
                0x4003df74                vi_pio_isr_init
                0x4003e034                vi_pio_isr_deinit
                0x4003e084                vi_connect
                0x4003e130                vi_select_format
                0x4003e1a8                vi_ep3sl_isr_init
                0x4003e2c8                ANIMATE_START
                0x4003e360                ANIMATE_END
                0x4003e408                ANIMATE_FRAME
                0x4003e6cc                vi_ep3sl_isr_deinit
                0x4003e780                vo_pio_isr_init
                0x4003e86c                vo_pio_isr_deinit
                0x4003e8bc                vo_set_sync
                0x4003ea58                calc_clk
 .text          0x4003eaac     0x3b80 obj/vip_helper.o
                0x4003eaac                add_vip_list
                0x4003ecc8                calc_deltas
                0x4003ef10                update_animate_with_delta
                0x4003f174                update_start_state_from_end
                0x4003f458                tm_print_at
                0x4003f4b8                tm_print
                0x4003f518                tm_print_c
                0x4003f598                tm_cls
                0x4003f5dc                init_vip_state
                0x4003f748                update_vip_channel
                0x400402c4                update_vip_common
                0x40040570                set_vip_itc_position
                0x400407bc                init_itc
                0x40040890                start_vip_core
                0x40040a54                set_vip_analogue_position
                0x40040d78                read_egm_video_params
                0x400415b0                enable_ch1
                0x40041778                set_vip_analogue_values
                0x40041b48                enable_ch0
                0x40041cd8                vip_sm
                0x400425dc                reset_vip_fpga
 .text          0x4004262c      0xab0 e:/altera/10.1/nios2eds/bin/gnu/h-i686-mingw32/bin/../lib/gcc/nios2-elf/4.1.2/../../../../nios2-elf/lib\libstdc++.a(eh_personality.o)
                0x40042bb8                __cxa_call_unexpected
                0x40042ca0                __gxx_personality_v0
 .text          0x400430dc       0x10 e:/altera/10.1/nios2eds/bin/gnu/h-i686-mingw32/bin/../lib/gcc/nios2-elf/4.1.2/../../../../nios2-elf/lib\libstdc++.a(eh_globals.o)
                0x400430dc                __cxa_get_globals_fast
                0x400430e4                __cxa_get_globals
 .text          0x400430ec      0x148 e:/altera/10.1/nios2eds/bin/gnu/h-i686-mingw32/bin/../lib/gcc/nios2-elf/4.1.2/../../../../nios2-elf/lib\libstdc++.a(eh_throw.o)
                0x400430ec                __cxa_rethrow
                0x40043160                __cxa_throw
 .text          0x40043234       0x44 e:/altera/10.1/nios2eds/bin/gnu/h-i686-mingw32/bin/../lib/gcc/nios2-elf/4.1.2/../../../../nios2-elf/lib\libstdc++.a(eh_call.o)
                0x40043234                __cxa_call_terminate
 .text          0x40043278      0x178 e:/altera/10.1/nios2eds/bin/gnu/h-i686-mingw32/bin/../lib/gcc/nios2-elf/4.1.2/../../../../nios2-elf/lib\libstdc++.a(eh_catch.o)
                0x40043278                __cxa_get_exception_ptr
                0x40043280                std::uncaught_exception()
                0x400432a0                __cxa_end_catch
                0x40043344                __cxa_begin_catch
 .text          0x400433f0       0x94 e:/altera/10.1/nios2eds/bin/gnu/h-i686-mingw32/bin/../lib/gcc/nios2-elf/4.1.2/../../../../nios2-elf/lib\libstdc++.a(eh_exception.o)
                0x400433f0                std::exception::what() const
                0x40043400                std::exception::~exception()
                0x40043410                std::exception::~exception()
                0x40043420                std::exception::~exception()
                0x40043430                std::bad_exception::~bad_exception()
                0x40043464                std::bad_exception::~bad_exception()
                0x40043474                std::bad_exception::~bad_exception()
 .text          0x40043484       0x94 e:/altera/10.1/nios2eds/bin/gnu/h-i686-mingw32/bin/../lib/gcc/nios2-elf/4.1.2/../../../../nios2-elf/lib\libstdc++.a(eh_terminate.o)
                0x40043484                std::set_terminate(void (*)())
                0x40043498                std::set_unexpected(void (*)())
                0x400434ac                __cxxabiv1::__terminate(void (*)())
                0x400434d8                std::terminate()
                0x400434f0                __cxxabiv1::__unexpected(void (*)())
                0x40043500                std::unexpected()
 .text          0x40043518      0x1c8 e:/altera/10.1/nios2eds/bin/gnu/h-i686-mingw32/bin/../lib/gcc/nios2-elf/4.1.2/../../../../nios2-elf/lib\libstdc++.a(si_class_type_info.o)
                0x40043518                __cxxabiv1::__si_class_type_info::__do_upcast(__cxxabiv1::__class_type_info const*, void const*, __cxxabiv1::__class_type_info::__upcast_result&) const
                0x40043590                __cxxabiv1::__si_class_type_info::~__si_class_type_info()
                0x400435c4                __cxxabiv1::__si_class_type_info::~__si_class_type_info()
                0x400435d4                __cxxabiv1::__si_class_type_info::~__si_class_type_info()
                0x400435e4                __cxxabiv1::__si_class_type_info::__do_find_public_src(long, void const*, __cxxabiv1::__class_type_info const*, void const*) const
                0x40043618                __cxxabiv1::__si_class_type_info::__do_dyncast(long, __cxxabiv1::__class_type_info::__sub_kind, __cxxabiv1::__class_type_info const*, void const*, __cxxabiv1::__class_type_info const*, void const*, __cxxabiv1::__class_type_info::__dyncast_result&) const
 .text          0x400436e0      0x104 e:/altera/10.1/nios2eds/bin/gnu/h-i686-mingw32/bin/../lib/gcc/nios2-elf/4.1.2/../../../../nios2-elf/lib\libstdc++.a(eh_alloc.o)
                0x400436e0                __cxa_free_exception
                0x40043720                __cxa_allocate_exception
 .text          0x400437e4        0x0 e:/altera/10.1/nios2eds/bin/gnu/h-i686-mingw32/bin/../lib/gcc/nios2-elf/4.1.2/../../../../nios2-elf/lib\libstdc++.a(eh_term_handler.o)
 .text          0x400437e4       0x58 e:/altera/10.1/nios2eds/bin/gnu/h-i686-mingw32/bin/../lib/gcc/nios2-elf/4.1.2/../../../../nios2-elf/lib\libstdc++.a(tinfo.o)
                0x400437e4                std::type_info::__is_pointer_p() const
                0x400437ec                std::type_info::__is_function_p() const
                0x400437f4                std::type_info::__do_catch(std::type_info const*, void**, unsigned int) const
                0x40043804                std::type_info::__do_upcast(__cxxabiv1::__class_type_info const*, void**) const
                0x4004380c                std::type_info::~type_info()
                0x4004381c                std::type_info::~type_info()
                0x4004382c                std::type_info::~type_info()
 .text          0x4004383c        0xc e:/altera/10.1/nios2eds/bin/gnu/h-i686-mingw32/bin/../lib/gcc/nios2-elf/4.1.2/../../../../nios2-elf/lib\libstdc++.a(del_op.o)
                0x4004383c                operator delete(void*)
 .text          0x40043848      0x1bc e:/altera/10.1/nios2eds/bin/gnu/h-i686-mingw32/bin/../lib/gcc/nios2-elf/4.1.2/../../../../nios2-elf/lib\libstdc++.a(class_type_info.o)
                0x40043848                __cxxabiv1::__class_type_info::__do_upcast(__cxxabiv1::__class_type_info const*, void**) const
                0x400438b4                __cxxabiv1::__class_type_info::__do_find_public_src(long, void const*, __cxxabiv1::__class_type_info const*, void const*) const
                0x400438d4                __cxxabiv1::__class_type_info::~__class_type_info()
                0x40043908                __cxxabiv1::__class_type_info::~__class_type_info()
                0x40043918                __cxxabiv1::__class_type_info::~__class_type_info()
                0x40043928                __cxxabiv1::__class_type_info::__do_catch(std::type_info const*, void**, unsigned int) const
                0x40043988                __cxxabiv1::__class_type_info::__do_upcast(__cxxabiv1::__class_type_info const*, void const*, __cxxabiv1::__class_type_info::__upcast_result&) const
                0x400439b8                __cxxabiv1::__class_type_info::__do_dyncast(long, __cxxabiv1::__class_type_info::__sub_kind, __cxxabiv1::__class_type_info const*, void const*, __cxxabiv1::__class_type_info const*, void const*, __cxxabiv1::__class_type_info::__dyncast_result&) const
 .text          0x40043a04        0x0 e:/altera/10.1/nios2eds/bin/gnu/h-i686-mingw32/bin/../lib/gcc/nios2-elf/4.1.2/../../../../nios2-elf/lib\libstdc++.a(eh_unex_handler.o)
 .text          0x40043a04       0x98 e:/altera/10.1/nios2eds/bin/gnu/h-i686-mingw32/bin/../lib/gcc/nios2-elf/4.1.2\libgcc.a(_muldi3.o)
                0x40043a04                __muldi3
 .text          0x40043a9c       0xa4 e:/altera/10.1/nios2eds/bin/gnu/h-i686-mingw32/bin/../lib/gcc/nios2-elf/4.1.2\libgcc.a(_fixunsdfsi.o)
                0x40043a9c                __fixunsdfsi
 .text          0x40043b40       0x88 e:/altera/10.1/nios2eds/bin/gnu/h-i686-mingw32/bin/../lib/gcc/nios2-elf/4.1.2\libgcc.a(_floatdidf.o)
                0x40043b40                __floatdidf
 .text          0x40043bc8      0x680 e:/altera/10.1/nios2eds/bin/gnu/h-i686-mingw32/bin/../lib/gcc/nios2-elf/4.1.2\libgcc.a(_divdi3.o)
                0x40043bc8                __divdi3
 .text          0x40044248      0x504 e:/altera/10.1/nios2eds/bin/gnu/h-i686-mingw32/bin/../lib/gcc/nios2-elf/4.1.2\libgcc.a(_addsub_df.o)
                0x40044658                __subdf3
                0x400446d8                __adddf3
 .text          0x4004474c      0x3c4 e:/altera/10.1/nios2eds/bin/gnu/h-i686-mingw32/bin/../lib/gcc/nios2-elf/4.1.2\libgcc.a(_mul_df.o)
                0x4004474c                __muldf3
 .text          0x40044b10      0x258 e:/altera/10.1/nios2eds/bin/gnu/h-i686-mingw32/bin/../lib/gcc/nios2-elf/4.1.2\libgcc.a(_div_df.o)
                0x40044b10                __divdf3
 .text          0x40044d68       0x88 e:/altera/10.1/nios2eds/bin/gnu/h-i686-mingw32/bin/../lib/gcc/nios2-elf/4.1.2\libgcc.a(_ne_df.o)
                0x40044d68                __nedf2
 .text          0x40044df0       0x88 e:/altera/10.1/nios2eds/bin/gnu/h-i686-mingw32/bin/../lib/gcc/nios2-elf/4.1.2\libgcc.a(_ge_df.o)
                0x40044df0                __gedf2
 .text          0x40044e78       0xf8 e:/altera/10.1/nios2eds/bin/gnu/h-i686-mingw32/bin/../lib/gcc/nios2-elf/4.1.2\libgcc.a(_si_to_df.o)
                0x40044e78                __floatsidf
 .text          0x40044f70       0xd8 e:/altera/10.1/nios2eds/bin/gnu/h-i686-mingw32/bin/../lib/gcc/nios2-elf/4.1.2\libgcc.a(_df_to_si.o)
                0x40044f70                __fixdfsi
 .text          0x40045048        0x0 e:/altera/10.1/nios2eds/bin/gnu/h-i686-mingw32/bin/../lib/gcc/nios2-elf/4.1.2\libgcc.a(_thenan_df.o)
 .text          0x40045048      0x194 e:/altera/10.1/nios2eds/bin/gnu/h-i686-mingw32/bin/../lib/gcc/nios2-elf/4.1.2\libgcc.a(_usi_to_df.o)
                0x40045048                __floatunsidf
 .text          0x400451dc      0x14c e:/altera/10.1/nios2eds/bin/gnu/h-i686-mingw32/bin/../lib/gcc/nios2-elf/4.1.2\libgcc.a(lib2-divmod.o)
                0x40045258                __divsi3
                0x400452b8                __modsi3
                0x40045318                __udivsi3
                0x40045320                __umodsi3
 .text          0x40045328     0x26c8 e:/altera/10.1/nios2eds/bin/gnu/h-i686-mingw32/bin/../lib/gcc/nios2-elf/4.1.2\libgcc.a(unwind-dw2.o)
                0x400453ac                _Unwind_GetCFA
                0x400453b4                _Unwind_GetIP
                0x400453bc                _Unwind_GetIPInfo
                0x400453d0                _Unwind_SetIP
                0x400453d8                _Unwind_GetLanguageSpecificData
                0x400453e0                _Unwind_GetRegionStart
                0x400453e8                _Unwind_GetDataRelBase
                0x400453f0                _Unwind_GetTextRelBase
                0x400453f8                _Unwind_DeleteException
                0x40045410                _Unwind_SetGR
                0x4004548c                _Unwind_GetGR
                0x40045760                _Unwind_FindEnclosingFunction
                0x40046170                __frame_state_for
                0x400472e0                _Unwind_Backtrace
                0x40047478                _Unwind_RaiseException
                0x400476f8                _Unwind_Resume_or_Rethrow
                0x400477f4                _Unwind_Resume
                0x400478f4                _Unwind_ForcedUnwind
 .text          0x400479f0     0x15e0 e:/altera/10.1/nios2eds/bin/gnu/h-i686-mingw32/bin/../lib/gcc/nios2-elf/4.1.2\libgcc.a(unwind-dw2-fde.o)
                0x40047a74                __register_frame_info_bases
                0x40047aac                __register_frame_info
                0x40047ab8                __register_frame_info_table_bases
                0x40047ae4                __register_frame_info_table
                0x4004859c                __register_frame_table
                0x400485cc                __register_frame
                0x40048614                __deregister_frame_info_bases
                0x400486f0                __deregister_frame_info
                0x400486f4                __deregister_frame
                0x40048dac                _Unwind_Find_FDE
 .text          0x40048fd0        0x0 e:/altera/10.1/nios2eds/bin/gnu/h-i686-mingw32/bin/../lib/gcc/nios2-elf/4.1.2\libgcc.a(_clz.o)
 .text          0x40048fd0       0x80 e:/altera/10.1/nios2eds/bin/gnu/h-i686-mingw32/bin/../lib/gcc/nios2-elf/4.1.2\libgcc.a(_clzsi2.o)
                0x40048fd0                __clzsi2
 .text          0x40049050      0x314 e:/altera/10.1/nios2eds/bin/gnu/h-i686-mingw32/bin/../lib/gcc/nios2-elf/4.1.2\libgcc.a(_pack_df.o)
                0x40049050                __pack_d
 .text          0x40049364      0x138 e:/altera/10.1/nios2eds/bin/gnu/h-i686-mingw32/bin/../lib/gcc/nios2-elf/4.1.2\libgcc.a(_unpack_df.o)
                0x40049364                __unpack_d
 .text          0x4004949c       0xc8 e:/altera/10.1/nios2eds/bin/gnu/h-i686-mingw32/bin/../lib/gcc/nios2-elf/4.1.2\libgcc.a(_fpcmp_parts_df.o)
                0x4004949c                __fpcmp_parts_d
 .text          0x40049564       0x18 e:/altera/10.1/nios2eds/bin/gnu/h-i686-mingw32/bin/../lib/gcc/nios2-elf/4.1.2/../../../../nios2-elf/lib\libc.a(lib_a-abort.o)
                0x40049564                abort
 .text          0x4004957c       0x10 e:/altera/10.1/nios2eds/bin/gnu/h-i686-mingw32/bin/../lib/gcc/nios2-elf/4.1.2/../../../../nios2-elf/lib\libc.a(lib_a-bcopy.o)
                0x4004957c                bcopy
 .text          0x4004958c        0x0 e:/altera/10.1/nios2eds/bin/gnu/h-i686-mingw32/bin/../lib/gcc/nios2-elf/4.1.2/../../../../nios2-elf/lib\libc.a(lib_a-ctype_.o)
 .text          0x4004958c       0x28 e:/altera/10.1/nios2eds/bin/gnu/h-i686-mingw32/bin/../lib/gcc/nios2-elf/4.1.2/../../../../nios2-elf/lib\libc.a(lib_a-malloc.o)
                0x4004958c                free
                0x400495a0                malloc
 .text          0x400495b4      0x740 e:/altera/10.1/nios2eds/bin/gnu/h-i686-mingw32/bin/../lib/gcc/nios2-elf/4.1.2/../../../../nios2-elf/lib\libc.a(lib_a-mallocr.o)
                0x400495b4                _malloc_r
 .text          0x40049cf4       0xa0 e:/altera/10.1/nios2eds/bin/gnu/h-i686-mingw32/bin/../lib/gcc/nios2-elf/4.1.2/../../../../nios2-elf/lib\libc.a(lib_a-memcpy.o)
                0x40049cf4                memcpy
 .text          0x40049d94       0xe0 e:/altera/10.1/nios2eds/bin/gnu/h-i686-mingw32/bin/../lib/gcc/nios2-elf/4.1.2/../../../../nios2-elf/lib\libc.a(lib_a-memmove.o)
                0x40049d94                memmove
 .text          0x40049e74       0x98 e:/altera/10.1/nios2eds/bin/gnu/h-i686-mingw32/bin/../lib/gcc/nios2-elf/4.1.2/../../../../nios2-elf/lib\libc.a(lib_a-memset.o)
                0x40049e74                memset
 .text          0x40049f0c       0x78 e:/altera/10.1/nios2eds/bin/gnu/h-i686-mingw32/bin/../lib/gcc/nios2-elf/4.1.2/../../../../nios2-elf/lib\libc.a(lib_a-printf.o)
                0x40049f0c                printf
                0x40049f50                _printf_r
 .text          0x40049f84       0x24 e:/altera/10.1/nios2eds/bin/gnu/h-i686-mingw32/bin/../lib/gcc/nios2-elf/4.1.2/../../../../nios2-elf/lib\libc.a(lib_a-putchar.o)
                0x40049f84                putchar
                0x40049fa0                _putchar_r
 .text          0x40049fa8       0xb4 e:/altera/10.1/nios2eds/bin/gnu/h-i686-mingw32/bin/../lib/gcc/nios2-elf/4.1.2/../../../../nios2-elf/lib\libc.a(lib_a-puts.o)
                0x40049fa8                _puts_r
                0x4004a048                puts
 .text          0x4004a05c       0x94 e:/altera/10.1/nios2eds/bin/gnu/h-i686-mingw32/bin/../lib/gcc/nios2-elf/4.1.2/../../../../nios2-elf/lib\libc.a(lib_a-rand.o)
                0x4004a05c                srand
                0x4004a078                rand
 .text          0x4004a0f0       0x70 e:/altera/10.1/nios2eds/bin/gnu/h-i686-mingw32/bin/../lib/gcc/nios2-elf/4.1.2/../../../../nios2-elf/lib\libc.a(lib_a-sbrkr.o)
                0x4004a0f0                _sbrk_r
 .text          0x4004a160      0x2d8 e:/altera/10.1/nios2eds/bin/gnu/h-i686-mingw32/bin/../lib/gcc/nios2-elf/4.1.2/../../../../nios2-elf/lib\libc.a(lib_a-signal.o)
                0x4004a160                _raise_r
                0x4004a22c                raise
                0x4004a240                _init_signal_r
                0x4004a2a4                _init_signal
                0x4004a2b4                __sigtramp_r
                0x4004a368                __sigtramp
                0x4004a37c                _signal_r
                0x4004a41c                signal
 .text          0x4004a438       0x78 e:/altera/10.1/nios2eds/bin/gnu/h-i686-mingw32/bin/../lib/gcc/nios2-elf/4.1.2/../../../../nios2-elf/lib\libc.a(lib_a-signalr.o)
                0x4004a438                _getpid_r
                0x4004a43c                _kill_r
 .text          0x4004a4b0      0x170 e:/altera/10.1/nios2eds/bin/gnu/h-i686-mingw32/bin/../lib/gcc/nios2-elf/4.1.2/../../../../nios2-elf/lib\libc.a(lib_a-snprintf.o)
                0x4004a4b0                snprintf
                0x4004a56c                _snprintf_r
 .text          0x4004a620       0xd4 e:/altera/10.1/nios2eds/bin/gnu/h-i686-mingw32/bin/../lib/gcc/nios2-elf/4.1.2/../../../../nios2-elf/lib\libc.a(lib_a-sprintf.o)
                0x4004a620                sprintf
                0x4004a694                _sprintf_r
 .text          0x4004a6f4       0xbc e:/altera/10.1/nios2eds/bin/gnu/h-i686-mingw32/bin/../lib/gcc/nios2-elf/4.1.2/../../../../nios2-elf/lib\libc.a(lib_a-strcmp.o)
                0x4004a6f4                strcmp
 .text          0x4004a7b0       0x8c e:/altera/10.1/nios2eds/bin/gnu/h-i686-mingw32/bin/../lib/gcc/nios2-elf/4.1.2/../../../../nios2-elf/lib\libc.a(lib_a-strcpy.o)
                0x4004a7b0                strcpy
 .text          0x4004a83c       0x14 e:/altera/10.1/nios2eds/bin/gnu/h-i686-mingw32/bin/../lib/gcc/nios2-elf/4.1.2/../../../../nios2-elf/lib\libc.a(lib_a-strdup.o)
                0x4004a83c                strdup
 .text          0x4004a850       0x68 e:/altera/10.1/nios2eds/bin/gnu/h-i686-mingw32/bin/../lib/gcc/nios2-elf/4.1.2/../../../../nios2-elf/lib\libc.a(lib_a-strdup_r.o)
                0x4004a850                _strdup_r
 .text          0x4004a8b8       0x7c e:/altera/10.1/nios2eds/bin/gnu/h-i686-mingw32/bin/../lib/gcc/nios2-elf/4.1.2/../../../../nios2-elf/lib\libc.a(lib_a-strlcpy.o)
                0x4004a8b8                strlcpy
 .text          0x4004a934       0x74 e:/altera/10.1/nios2eds/bin/gnu/h-i686-mingw32/bin/../lib/gcc/nios2-elf/4.1.2/../../../../nios2-elf/lib\libc.a(lib_a-strlen.o)
                0x4004a934                strlen
 .text          0x4004a9a8       0xbc e:/altera/10.1/nios2eds/bin/gnu/h-i686-mingw32/bin/../lib/gcc/nios2-elf/4.1.2/../../../../nios2-elf/lib\libc.a(lib_a-strncpy.o)
                0x4004a9a8                strncpy
 .text          0x4004aa64       0x38 e:/altera/10.1/nios2eds/bin/gnu/h-i686-mingw32/bin/../lib/gcc/nios2-elf/4.1.2/../../../../nios2-elf/lib\libc.a(lib_a-strnlen.o)
                0x4004aa64                strnlen
 .text          0x4004aa9c     0x1f28 e:/altera/10.1/nios2eds/bin/gnu/h-i686-mingw32/bin/../lib/gcc/nios2-elf/4.1.2/../../../../nios2-elf/lib\libc.a(lib_a-vfprintf.o)
                0x4004aaf4                ___vfprintf_internal_r
                0x4004c9a0                __vfprintf_internal
 .text          0x4004c9c4       0x34 e:/altera/10.1/nios2eds/bin/gnu/h-i686-mingw32/bin/../lib/gcc/nios2-elf/4.1.2/../../../../nios2-elf/lib\libc.a(lib_a-vprintf.o)
                0x4004c9c4                _vprintf_r
                0x4004c9d8                vprintf
 .text          0x4004c9f8       0xf4 e:/altera/10.1/nios2eds/bin/gnu/h-i686-mingw32/bin/../lib/gcc/nios2-elf/4.1.2/../../../../nios2-elf/lib\libc.a(lib_a-vsnprintf.o)
                0x4004c9f8                _vsnprintf_r
                0x4004caac                vsnprintf
 .text          0x4004caec       0x74 e:/altera/10.1/nios2eds/bin/gnu/h-i686-mingw32/bin/../lib/gcc/nios2-elf/4.1.2/../../../../nios2-elf/lib\libc.a(lib_a-vsprintf.o)
                0x4004caec                _vsprintf_r
                0x4004cb3c                vsprintf
 .text          0x4004cb60      0x13c e:/altera/10.1/nios2eds/bin/gnu/h-i686-mingw32/bin/../lib/gcc/nios2-elf/4.1.2/../../../../nios2-elf/lib\libc.a(lib_a-wsetup.o)
                0x4004cb60                __swsetup_r
 .text          0x4004cc9c     0x17cc e:/altera/10.1/nios2eds/bin/gnu/h-i686-mingw32/bin/../lib/gcc/nios2-elf/4.1.2/../../../../nios2-elf/lib\libc.a(lib_a-dtoa.o)
                0x4004ceb4                _dtoa_r
 .text          0x4004e468      0x230 e:/altera/10.1/nios2eds/bin/gnu/h-i686-mingw32/bin/../lib/gcc/nios2-elf/4.1.2/../../../../nios2-elf/lib\libc.a(lib_a-fflush.o)
                0x4004e468                _fflush_r
                0x4004e664                fflush
 .text          0x4004e698      0x2c0 e:/altera/10.1/nios2eds/bin/gnu/h-i686-mingw32/bin/../lib/gcc/nios2-elf/4.1.2/../../../../nios2-elf/lib\libc.a(lib_a-findfp.o)
                0x4004e6f0                __sfp_lock_acquire
                0x4004e6f4                __sfp_lock_release
                0x4004e6f8                __sinit_lock_acquire
                0x4004e6fc                __sinit_lock_release
                0x4004e700                __sinit
                0x4004e7b4                __fp_unlock_all
                0x4004e7cc                __fp_lock_all
                0x4004e7e4                _cleanup_r
                0x4004e7f0                _cleanup
                0x4004e800                __sfmoreglue
                0x4004e868                __sfp
 .text          0x4004e958      0x440 e:/altera/10.1/nios2eds/bin/gnu/h-i686-mingw32/bin/../lib/gcc/nios2-elf/4.1.2/../../../../nios2-elf/lib\libc.a(lib_a-freer.o)
                0x4004e958                _malloc_trim_r
                0x4004ea84                _free_r
 .text          0x4004ed98      0x49c e:/altera/10.1/nios2eds/bin/gnu/h-i686-mingw32/bin/../lib/gcc/nios2-elf/4.1.2/../../../../nios2-elf/lib\libc.a(lib_a-fvwrite.o)
                0x4004ed98                __sfvwrite_r
 .text          0x4004f234      0x180 e:/altera/10.1/nios2eds/bin/gnu/h-i686-mingw32/bin/../lib/gcc/nios2-elf/4.1.2/../../../../nios2-elf/lib\libc.a(lib_a-fwalk.o)
                0x4004f234                _fwalk_reent
                0x4004f2fc                _fwalk
 .text          0x4004f3b4        0x0 e:/altera/10.1/nios2eds/bin/gnu/h-i686-mingw32/bin/../lib/gcc/nios2-elf/4.1.2/../../../../nios2-elf/lib\libc.a(lib_a-impure.o)
 .text          0x4004f3b4        0x0 e:/altera/10.1/nios2eds/bin/gnu/h-i686-mingw32/bin/../lib/gcc/nios2-elf/4.1.2/../../../../nios2-elf/lib\libc.a(lib_a-int_errno.o)
 .text          0x4004f3b4       0xc4 e:/altera/10.1/nios2eds/bin/gnu/h-i686-mingw32/bin/../lib/gcc/nios2-elf/4.1.2/../../../../nios2-elf/lib\libc.a(lib_a-locale.o)
                0x4004f3b4                __locale_charset
                0x4004f3bc                _localeconv_r
                0x4004f3c8                localeconv
                0x4004f3d8                _setlocale_r
                0x4004f45c                setlocale
 .text          0x4004f478      0x194 e:/altera/10.1/nios2eds/bin/gnu/h-i686-mingw32/bin/../lib/gcc/nios2-elf/4.1.2/../../../../nios2-elf/lib\libc.a(lib_a-makebuf.o)
                0x4004f478                __smakebuf_r
 .text          0x4004f60c       0xe4 e:/altera/10.1/nios2eds/bin/gnu/h-i686-mingw32/bin/../lib/gcc/nios2-elf/4.1.2/../../../../nios2-elf/lib\libc.a(lib_a-memchr.o)
                0x4004f60c                memchr
 .text          0x4004f6f0      0xff4 e:/altera/10.1/nios2eds/bin/gnu/h-i686-mingw32/bin/../lib/gcc/nios2-elf/4.1.2/../../../../nios2-elf/lib\libc.a(lib_a-mprec.o)
                0x4004f6f0                _Bfree
                0x4004f718                __hi0bits
                0x4004f788                __lo0bits
                0x4004f84c                __mcmp
                0x4004f8ac                __ulp
                0x4004f92c                __b2d
                0x4004fa4c                __ratio
                0x4004fafc                _mprec_log10
                0x4004fb90                __copybits
                0x4004fbe8                __any_on
                0x4004fc70                _Balloc
                0x4004fd2c                __d2b
                0x4004fea8                __mdiff
                0x40050034                __lshift
                0x40050180                __multiply
                0x40050368                __i2b
                0x400503a4                __multadd
                0x400504a4                __pow5mult
                0x400505c4                __s2b
 .text          0x400506e4      0x1ec e:/altera/10.1/nios2eds/bin/gnu/h-i686-mingw32/bin/../lib/gcc/nios2-elf/4.1.2/../../../../nios2-elf/lib\libc.a(lib_a-putc.o)
                0x400506e4                putc
                0x400507e8                _putc_r
 .text          0x400508d0      0x5f4 e:/altera/10.1/nios2eds/bin/gnu/h-i686-mingw32/bin/../lib/gcc/nios2-elf/4.1.2/../../../../nios2-elf/lib\libc.a(lib_a-reallocr.o)
                0x400508d0                _realloc_r
 .text          0x40050ec4       0x40 e:/altera/10.1/nios2eds/bin/gnu/h-i686-mingw32/bin/../lib/gcc/nios2-elf/4.1.2/../../../../nios2-elf/lib\libc.a(lib_a-s_isinfd.o)
                0x40050ec4                __isinfd
 .text          0x40050f04       0x30 e:/altera/10.1/nios2eds/bin/gnu/h-i686-mingw32/bin/../lib/gcc/nios2-elf/4.1.2/../../../../nios2-elf/lib\libc.a(lib_a-s_isnand.o)
                0x40050f04                __isnand
 .text          0x40050f34      0x14c e:/altera/10.1/nios2eds/bin/gnu/h-i686-mingw32/bin/../lib/gcc/nios2-elf/4.1.2/../../../../nios2-elf/lib\libc.a(lib_a-stdio.o)
                0x40050f34                __sclose
                0x40050f3c                __sseek
                0x40050fa4                __swrite
                0x40051020                __sread
 .text          0x40051080      0x14c e:/altera/10.1/nios2eds/bin/gnu/h-i686-mingw32/bin/../lib/gcc/nios2-elf/4.1.2/../../../../nios2-elf/lib\libc.a(lib_a-wbuf.o)
                0x40051080                __swbuf_r
                0x400511b0                __swbuf
 .text          0x400511cc       0x78 e:/altera/10.1/nios2eds/bin/gnu/h-i686-mingw32/bin/../lib/gcc/nios2-elf/4.1.2/../../../../nios2-elf/lib\libc.a(lib_a-writer.o)
                0x400511cc                _write_r
 .text          0x40051244       0xb4 e:/altera/10.1/nios2eds/bin/gnu/h-i686-mingw32/bin/../lib/gcc/nios2-elf/4.1.2/../../../../nios2-elf/lib\libc.a(lib_a-callocr.o)
                0x40051244                _calloc_r
 .text          0x400512f8       0x70 e:/altera/10.1/nios2eds/bin/gnu/h-i686-mingw32/bin/../lib/gcc/nios2-elf/4.1.2/../../../../nios2-elf/lib\libc.a(lib_a-closer.o)
                0x400512f8                _close_r
 .text          0x40051368      0x124 e:/altera/10.1/nios2eds/bin/gnu/h-i686-mingw32/bin/../lib/gcc/nios2-elf/4.1.2/../../../../nios2-elf/lib\libc.a(lib_a-fclose.o)
                0x40051368                _fclose_r
                0x40051478                fclose
 .text          0x4005148c       0x74 e:/altera/10.1/nios2eds/bin/gnu/h-i686-mingw32/bin/../lib/gcc/nios2-elf/4.1.2/../../../../nios2-elf/lib\libc.a(lib_a-fstatr.o)
                0x4005148c                _fstat_r
 .text          0x40051500       0x70 e:/altera/10.1/nios2eds/bin/gnu/h-i686-mingw32/bin/../lib/gcc/nios2-elf/4.1.2/../../../../nios2-elf/lib\libc.a(lib_a-isattyr.o)
                0x40051500                _isatty_r
 .text          0x40051570       0x78 e:/altera/10.1/nios2eds/bin/gnu/h-i686-mingw32/bin/../lib/gcc/nios2-elf/4.1.2/../../../../nios2-elf/lib\libc.a(lib_a-lseekr.o)
                0x40051570                _lseek_r
 .text          0x400515e8       0x78 e:/altera/10.1/nios2eds/bin/gnu/h-i686-mingw32/bin/../lib/gcc/nios2-elf/4.1.2/../../../../nios2-elf/lib\libc.a(lib_a-readr.o)
                0x400515e8                _read_r
 .text          0x40051660      0x5dc e:/altera/10.1/nios2eds/bin/gnu/h-i686-mingw32/bin/../lib/gcc/nios2-elf/4.1.2\libgcc.a(_udivdi3.o)
                0x40051660                __udivdi3
 .text          0x40051c3c      0x5b0 e:/altera/10.1/nios2eds/bin/gnu/h-i686-mingw32/bin/../lib/gcc/nios2-elf/4.1.2\libgcc.a(_umoddi3.o)
                0x40051c3c                __umoddi3
 .text          0x400521ec       0x88 e:/altera/10.1/nios2eds/bin/gnu/h-i686-mingw32/bin/../lib/gcc/nios2-elf/4.1.2\libgcc.a(_eq_df.o)
                0x400521ec                __eqdf2
 .text          0x40052274       0x88 e:/altera/10.1/nios2eds/bin/gnu/h-i686-mingw32/bin/../lib/gcc/nios2-elf/4.1.2\libgcc.a(_gt_df.o)
                0x40052274                __gtdf2
 .text          0x400522fc       0x88 e:/altera/10.1/nios2eds/bin/gnu/h-i686-mingw32/bin/../lib/gcc/nios2-elf/4.1.2\libgcc.a(_lt_df.o)
                0x400522fc                __ltdf2
 .text          0x40052384       0xc8 ../mf2_ddr_ucos_bsp/\libucosii_bsp.a(alt_close.o)
                0x400523ac                close
 .text          0x4005244c       0x10 ../mf2_ddr_ucos_bsp/\libucosii_bsp.a(alt_dev.o)
 .text          0x4005245c        0x0 ../mf2_ddr_ucos_bsp/\libucosii_bsp.a(alt_errno.o)
 .text          0x4005245c       0x28 ../mf2_ddr_ucos_bsp/\libucosii_bsp.a(alt_exit.o)
                0x4005245c                _exit
 .text          0x40052484       0x8c ../mf2_ddr_ucos_bsp/\libucosii_bsp.a(alt_fstat.o)
                0x40052484                fstat
 .text          0x40052510       0x10 ../mf2_ddr_ucos_bsp/\libucosii_bsp.a(alt_getpid.o)
                0x40052510                getpid
 .text          0x40052520       0xbc ../mf2_ddr_ucos_bsp/\libucosii_bsp.a(alt_iic.o)
                0x40052520                alt_ic_irq_enabled
                0x40052540                alt_ic_irq_enable
                0x40052588                alt_ic_irq_disable
                0x400525d0                alt_ic_isr_register
 .text          0x400525dc       0x74 ../mf2_ddr_ucos_bsp/\libucosii_bsp.a(alt_iic_isr_register.o)
                0x400525dc                alt_iic_isr_register
 .text          0x40052650       0x18 ../mf2_ddr_ucos_bsp/\libucosii_bsp.a(alt_instruction_exception_register.o)
                0x40052650                alt_instruction_exception_register
 .text          0x40052668        0x0 ../mf2_ddr_ucos_bsp/\libucosii_bsp.a(alt_irq_entry.o)
 .text          0x40052668        0x0 ../mf2_ddr_ucos_bsp/\libucosii_bsp.a(alt_irq_vars.o)
 .text          0x40052668       0x88 ../mf2_ddr_ucos_bsp/\libucosii_bsp.a(alt_isatty.o)
                0x40052668                isatty
 .text          0x400526f0      0x118 ../mf2_ddr_ucos_bsp/\libucosii_bsp.a(alt_kill.o)
                0x400526f0                kill
 .text          0x40052808       0x9c ../mf2_ddr_ucos_bsp/\libucosii_bsp.a(alt_load.o)
                0x40052830                alt_load
 .text          0x400528a4       0xa4 ../mf2_ddr_ucos_bsp/\libucosii_bsp.a(alt_lseek.o)
                0x400528a4                lseek
 .text          0x40052948       0xb0 ../mf2_ddr_ucos_bsp/\libucosii_bsp.a(alt_main.o)
                0x40052948                alt_main
 .text          0x400529f8       0xc4 ../mf2_ddr_ucos_bsp/\libucosii_bsp.a(alt_read.o)
                0x40052a20                read
 .text          0x40052abc       0x2c ../mf2_ddr_ucos_bsp/\libucosii_bsp.a(alt_release_fd.o)
                0x40052abc                alt_release_fd
 .text          0x40052ae8       0x7c ../mf2_ddr_ucos_bsp/\libucosii_bsp.a(alt_sbrk.o)
                0x40052ae8                sbrk
 .text          0x40052b64       0xf0 ../mf2_ddr_ucos_bsp/\libucosii_bsp.a(alt_tick.o)
                0x40052b64                alt_alarm_stop
                0x40052ba0                alt_tick
 .text          0x40052c54       0xf4 ../mf2_ddr_ucos_bsp/\libucosii_bsp.a(alt_usleep.o)
                0x40052c54                usleep
 .text          0x40052d48       0xc0 ../mf2_ddr_ucos_bsp/\libucosii_bsp.a(alt_write.o)
                0x40052d70                write
 .text          0x40052e08       0xe0 ../mf2_ddr_ucos_bsp/\libucosii_bsp.a(os_cpu_a.o)
                0x40052e08                OSCtxSw
                0x40052e08                OSIntCtxSw
                0x40052ea4                OSStartHighRdy
                0x40052ec4                OSStartTsk
 .text          0x40052ee8       0xb8 ../mf2_ddr_ucos_bsp/\libucosii_bsp.a(alt_env_lock.o)
                0x40052ee8                __env_unlock
                0x40052f18                __env_lock
 .text          0x40052fa0      0x120 ../mf2_ddr_ucos_bsp/\libucosii_bsp.a(alt_malloc_lock.o)
                0x40052fa0                __malloc_unlock
                0x40053004                __malloc_lock
 .text          0x400530c0     0x1208 ../mf2_ddr_ucos_bsp/\libucosii_bsp.a(os_core.o)
                0x400530c0                OSVersion
                0x400530d0                OS_Dummy
                0x400530dc                OS_EventTaskWait
                0x40053168                OS_EventTaskWaitMulti
                0x40053210                OS_EventTaskRemove
                0x40053264                OS_EventTaskRemoveMulti
                0x400532c8                OS_EventTaskRdy
                0x400533c4                OS_EventWaitListInit
                0x400533f4                OS_MemClr
                0x40053418                OS_MemCopy
                0x40053444                OS_StrCopy
                0x40053478                OS_StrLen
                0x400534a0                OS_TaskStatStkChk
                0x4005352c                OS_Sched
                0x400535ec                OSStart
                0x40053660                OSInit
                0x4005384c                OSEventNameGet
                0x4005390c                OSEventPendMulti
                0x40053c6c                OSIntEnter
                0x40053cb0                OSSchedLock
                0x40053cfc                OSSchedUnlock
                0x40053d58                OSStatInit
                0x40053dc4                OSTimeTick
                0x40053ed8                OS_TaskIdle
                0x40053f10                OS_TaskStat
                0x40053f9c                OS_TCBInit
                0x40054128                OSIntExit
                0x40054204                OSEventNameSet
 .text          0x400542c8        0xc ../mf2_ddr_ucos_bsp/\libucosii_bsp.a(os_dbg.o)
                0x400542c8                OSDebugInit
 .text          0x400542d4      0xcc4 ../mf2_ddr_ucos_bsp/\libucosii_bsp.a(os_flag.o)
                0x40054394                OS_FlagUnlink
                0x40054470                OS_FlagInit
                0x400544e8                OSFlagQuery
                0x4005454c                OSFlagAccept
                0x400546c4                OSFlagCreate
                0x40054754                OSFlagDel
                0x400548bc                OSFlagNameGet
                0x40054984                OSFlagNameSet
                0x40054a60                OSFlagPend
                0x40054d68                OSFlagPendGetFlagsRdy
                0x40054d9c                OSFlagPost
 .text          0x40054f98      0x3f0 ../mf2_ddr_ucos_bsp/\libucosii_bsp.a(os_mem.o)
                0x40054f98                OS_MemInit
                0x40055008                OSMemQuery
                0x40055074                OSMemCreate
                0x4005514c                OSMemGet
                0x400551c0                OSMemNameGet
                0x40055264                OSMemNameSet
                0x40055328                OSMemPut
 .text          0x40055388      0xa30 ../mf2_ddr_ucos_bsp/\libucosii_bsp.a(os_q.o)
                0x40055388                OS_QInit
                0x400553e0                OSQQuery
                0x40055494                OSQAccept
                0x40055538                OSQCreate
                0x40055640                OSQDel
                0x400557cc                OSQFlush
                0x40055824                OSQPend
                0x400559ec                OSQPendAbort
                0x40055adc                OSQPost
                0x40055ba0                OSQPostFront
                0x40055c6c                OSQPostOpt
 .text          0x40055db8      0xed4 ../mf2_ddr_ucos_bsp/\libucosii_bsp.a(os_task.o)
                0x40055db8                OS_TaskStkClr
                0x40055df0                OSTaskQuery
                0x40055ec0                OSTaskChangePrio
                0x40056164                OSTaskCreate
                0x40056278                OSTaskCreateExt
                0x400563f8                OSTaskDel
                0x4005664c                OSTaskDelReq
                0x40056708                OSTaskNameGet
                0x40056818                OSTaskNameSet
                0x4005693c                OSTaskResume
                0x40056a48                OSTaskStkChk
                0x40056b40                OSTaskSuspend
 .text          0x40056c8c      0x2fc ../mf2_ddr_ucos_bsp/\libucosii_bsp.a(os_time.o)
                0x40056c8c                OSTimeSet
                0x40056cb8                OSTimeDly
                0x40056d58                OSTimeDlyHMSM
                0x40056e5c                OSTimeDlyResume
                0x40056f5c                OSTimeGet
 .text          0x40056f88      0xc18 ../mf2_ddr_ucos_bsp/\libucosii_bsp.a(os_tmr.o)
                0x4005710c                OSTmr_Init
                0x40057394                OSTmrStop
                0x400574f8                OSTmrStart
                0x40057604                OSTmrStateGet
                0x400576b4                OSTmrRemainGet
                0x400577d4                OSTmrDel
                0x400578d8                OSTmrSignal
                0x40057908                OSTmrNameGet
                0x400579fc                OSTmrCreate
 .text          0x40057ba0       0x88 ../mf2_ddr_ucos_bsp/\libucosii_bsp.a(alt_sys_init.o)
                0x40057ba0                alt_sys_init
                0x40057c00                alt_irq_init
 .text          0x40057c28       0x5c ../mf2_ddr_ucos_bsp/\libucosii_bsp.a(altera_avalon_jtag_uart_fd.o)
                0x40057c28                altera_avalon_jtag_uart_ioctl_fd
                0x40057c3c                altera_avalon_jtag_uart_close_fd
                0x40057c54                altera_avalon_jtag_uart_write_fd
                0x40057c6c                altera_avalon_jtag_uart_read_fd
 .text          0x40057c84      0x314 ../mf2_ddr_ucos_bsp/\libucosii_bsp.a(altera_avalon_jtag_uart_init.o)
                0x40057c84                altera_avalon_jtag_uart_close
                0x40057d54                altera_avalon_jtag_uart_init
 .text          0x40057f98       0x84 ../mf2_ddr_ucos_bsp/\libucosii_bsp.a(altera_avalon_jtag_uart_ioctl.o)
                0x40057f98                altera_avalon_jtag_uart_ioctl
 .text          0x4005801c      0x1b4 ../mf2_ddr_ucos_bsp/\libucosii_bsp.a(altera_avalon_jtag_uart_read.o)
                0x4005801c                altera_avalon_jtag_uart_read
 .text          0x400581d0      0x1c0 ../mf2_ddr_ucos_bsp/\libucosii_bsp.a(altera_avalon_jtag_uart_write.o)
                0x400581d0                altera_avalon_jtag_uart_write
 .text          0x40058390       0xec ../mf2_ddr_ucos_bsp/\libucosii_bsp.a(altera_avalon_spi.o)
                0x40058390                alt_avalon_spi_command
 .text          0x4005847c       0x9c ../mf2_ddr_ucos_bsp/\libucosii_bsp.a(altera_avalon_timer_sc.o)
                0x4005847c                alt_avalon_timer_sc_init
 .text          0x40058518       0x98 ../mf2_ddr_ucos_bsp/\libucosii_bsp.a(alt_alarm_start.o)
                0x40058518                alt_alarm_start
 .text          0x400585b0       0x84 ../mf2_ddr_ucos_bsp/\libucosii_bsp.a(alt_busy_sleep.o)
                0x400585b0                alt_busy_sleep
 .text          0x40058634        0xc ../mf2_ddr_ucos_bsp/\libucosii_bsp.a(alt_dcache_flush_all.o)
                0x40058634                alt_dcache_flush_all
 .text          0x40058640       0x78 ../mf2_ddr_ucos_bsp/\libucosii_bsp.a(alt_dev_llist_insert.o)
                0x40058640                alt_dev_llist_insert
 .text          0x400586b8       0x48 ../mf2_ddr_ucos_bsp/\libucosii_bsp.a(alt_do_ctors.o)
                0x400586b8                _do_ctors
 .text          0x40058700       0x48 ../mf2_ddr_ucos_bsp/\libucosii_bsp.a(alt_do_dtors.o)
                0x40058700                _do_dtors
 .text          0x40058748        0x0 ../mf2_ddr_ucos_bsp/\libucosii_bsp.a(alt_exception_entry.o)
 .text          0x40058748       0x14 ../mf2_ddr_ucos_bsp/\libucosii_bsp.a(alt_icache_flush_all.o)
                0x40058748                alt_icache_flush_all
 .text          0x4005875c       0x70 ../mf2_ddr_ucos_bsp/\libucosii_bsp.a(alt_instruction_exception_entry.o)
                0x4005875c                alt_exception_cause_generated_bad_addr
 .text          0x400587cc      0x10c ../mf2_ddr_ucos_bsp/\libucosii_bsp.a(alt_io_redirect.o)
                0x40058844                alt_io_redirect
 .text          0x400588d8      0x17c ../mf2_ddr_ucos_bsp/\libucosii_bsp.a(alt_open.o)
                0x400588d8                open
 .text          0x40058a54       0x10 ../mf2_ddr_ucos_bsp/\libucosii_bsp.a(altera_nios2_irq.o)
                0x40058a54                altera_nios2_irq_init
 .text          0x40058a64       0x78 ../mf2_ddr_ucos_bsp/\libucosii_bsp.a(alt_find_dev.o)
                0x40058a64                alt_find_dev
 .text          0x40058adc       0xa4 ../mf2_ddr_ucos_bsp/\libucosii_bsp.a(alt_find_file.o)
                0x40058adc                alt_find_file
 .text          0x40058b80       0xac ../mf2_ddr_ucos_bsp/\libucosii_bsp.a(alt_get_fd.o)
                0x40058b80                alt_get_fd
 .text          0x40058c2c       0x40 ../mf2_ddr_ucos_bsp/\libucosii_bsp.a(alt_icache_flush.o)
                0x40058c2c                alt_icache_flush
 .text          0x40058c6c       0x14 e:/altera/10.1/nios2eds/bin/gnu/h-i686-mingw32/bin/../lib/gcc/nios2-elf/4.1.2/../../../../nios2-elf/lib\libc.a(lib_a-atexit.o)
                0x40058c6c                atexit
 .text          0x40058c80       0x38 e:/altera/10.1/nios2eds/bin/gnu/h-i686-mingw32/bin/../lib/gcc/nios2-elf/4.1.2/../../../../nios2-elf/lib\libc.a(lib_a-exit.o)
                0x40058c80                exit
 .text          0x40058cb8       0x74 e:/altera/10.1/nios2eds/bin/gnu/h-i686-mingw32/bin/../lib/gcc/nios2-elf/4.1.2/../../../../nios2-elf/lib\libc.a(lib_a-memcmp.o)
                0x40058cb8                memcmp
 .text          0x40058d2c      0x134 e:/altera/10.1/nios2eds/bin/gnu/h-i686-mingw32/bin/../lib/gcc/nios2-elf/4.1.2/../../../../nios2-elf/lib\libc.a(lib_a-__atexit.o)
                0x40058d2c                __register_exitproc
 .text          0x40058e60      0x1b4 e:/altera/10.1/nios2eds/bin/gnu/h-i686-mingw32/bin/../lib/gcc/nios2-elf/4.1.2/../../../../nios2-elf/lib\libc.a(lib_a-__call_atexit.o)
                0x40058e64                __call_exitprocs
 *(.gnu.warning.*)
 *(.fini)
                0x40059014                PROVIDE (__etext, ABSOLUTE (.))
                0x40059014                PROVIDE (_etext, ABSOLUTE (.))
                0x40059014                PROVIDE (etext, ABSOLUTE (.))
 *(.eh_frame_hdr)
                0x40059014                . = ALIGN (0x4)
                0x40059014                PROVIDE (__preinit_array_start, ABSOLUTE (.))
 *(.preinit_array)
                0x40059014                PROVIDE (__preinit_array_end, ABSOLUTE (.))
                0x40059014                PROVIDE (__init_array_start, ABSOLUTE (.))
 *(.init_array)
                0x40059014                PROVIDE (__init_array_end, ABSOLUTE (.))
                0x40059014                PROVIDE (__fini_array_start, ABSOLUTE (.))
 *(.fini_array)
                0x40059014                PROVIDE (__fini_array_end, ABSOLUTE (.))
 *(.eh_frame)
 .eh_frame      0x40059014       0xd8 obj/vip_helper.o
 .eh_frame      0x400590ec      0x13c e:/altera/10.1/nios2eds/bin/gnu/h-i686-mingw32/bin/../lib/gcc/nios2-elf/4.1.2/../../../../nios2-elf/lib\libstdc++.a(eh_personality.o)